// Jest Snapshot v1, https://goo.gl/fbAQLP

exports[`App Component expect to render App component 1`] = `
<div>
  <div
    class="App"
  >
    <input
      class="search-box monsters-search-box"
      placeholder="search monsters"
      type="search"
    />
    <div
      class="card-list"
    />
  </div>
</div>
`;
